Component: ARM Compiler 5.06 update 5 (build 528) Tool: armlink [4d35e2]

==============================================================================

Section Cross References

    exercise12.o(MyCode) refers to start.o(Start) for Startup
    exercise12.o(MyCode) refers to exercise12.o(MyData) for ReceiveQueue
    exercise12.o(MyCode) refers to exercise12.o(MyConst) for in
    exercise12.o(RESET) refers to start.o(.ARM.__at_0x1FFFE000) for __initial_sp
    exercise12.o(RESET) refers to exercise12.o(MyCode) for Reset_Handler
    exercise12.o(RESET) refers to start.o(Start) for Dummy_Handler


==============================================================================

Image Symbol Table

    Local Symbols

    Symbol Name                              Value     Ov Type        Size  Object(Section)

    RESET                                    0x00000000   Section      192  exercise12.o(RESET)
    Exercise12.s                             0x00000000   Number         0  exercise12.o ABSOLUTE
    MKL46Z4.s                                0x00000000   Number         0  mkl46z4.o ABSOLUTE
    Start.s                                  0x00000000   Number         0  start.o ABSOLUTE
    .ARM.__at_0xC0                           0x000000c0   Section       64  start.o(.ARM.__at_0xC0)
    Start                                    0x00000100   Section      252  start.o(Start)
    SystemInit                               0x0000010f   Thumb Code    54  start.o(Start)
    SetClock48MHz                            0x00000145   Thumb Code   140  start.o(Start)
    MyConst                                  0x000001fc   Section      180  exercise12.o(MyConst)
    in                                       0x00000265   Data           9  exercise12.o(MyConst)
    statOut                                  0x0000026e   Data          10  exercise12.o(MyConst)
    numEnqueued                              0x00000278   Data           8  exercise12.o(MyConst)
    .ARM.__at_0x400                          0x00000400   Section       16  start.o(.ARM.__at_0x400)
    MyCode                                   0x00000410   Section      904  exercise12.o(MyCode)
    PutStringSB                              0x00000447   Thumb Code    20  exercise12.o(MyCode)
    PutNumU                                  0x0000045b   Thumb Code    30  exercise12.o(MyCode)
    DIVU                                     0x00000479   Thumb Code    66  exercise12.o(MyCode)
    InitQueue                                0x000004bb   Thumb Code    22  exercise12.o(MyCode)
    DeQueue                                  0x000004d1   Thumb Code    72  exercise12.o(MyCode)
    EnQueue                                  0x00000519   Thumb Code    72  exercise12.o(MyCode)
    UART0_ISR                                0x00000587   Thumb Code    74  exercise12.o(MyCode)
    PutNumHex                                0x00000671   Thumb Code    56  exercise12.o(MyCode)
    PutNumUB                                 0x000006a9   Thumb Code    12  exercise12.o(MyCode)
    .ARM.__at_0x1FFFE000                     0x1fffe000   Section      256  start.o(.ARM.__at_0x1FFFE000)
    MyData                                   0x1fffe100   Section      224  exercise12.o(MyData)
    QBuffer                                  0x1fffe100   Data           4  exercise12.o(MyData)
    QRecord                                  0x1fffe104   Data          18  exercise12.o(MyData)
    QBufferTransmit                          0x1fffe118   Data          80  exercise12.o(MyData)
    TransmitQueue                            0x1fffe168   Data          18  exercise12.o(MyData)
    QBufferReceive                           0x1fffe17c   Data          80  exercise12.o(MyData)
    ReceiveQueue                             0x1fffe1cc   Data          18  exercise12.o(MyData)

    Global Symbols

    Symbol Name                              Value     Ov Type        Size  Object(Section)

    BuildAttributes$$THM_ISAv3M$S$PE$A:L22$X:L11$S22$IEEE1$IW$USESV6$~STKCKD$USESV7$~SHL$OSPACE$EBA8$STANDARDLIB$EABIv2 0x00000000   Number         0  anon$$obj.o ABSOLUTE
    __Vectors                                0x00000000   Data           0  exercise12.o(RESET)
    __Vectors_End                            0x000000c0   Data           0  exercise12.o(RESET)
    __Vectors_Size                           0x000000c0   Number         0  exercise12.o ABSOLUTE
    Startup                                  0x00000101   Thumb Code    14  start.o(Start)
    Dummy_Handler                            0x000001d1   Thumb Code     2  start.o(Start)
    HardFault_Handler                        0x000001d1   Thumb Code     0  start.o(Start)
    Reset_Handler                            0x00000411   Thumb Code    54  exercise12.o(MyCode)
    PutChar                                  0x00000571   Thumb Code    22  exercise12.o(MyCode)
    __initial_sp                             0x1fffe100   Data           0  start.o(.ARM.__at_0x1FFFE000)



==============================================================================

Memory Map of the image

  Image Entry point : 0x00000411

  Load Region LR_1 (Base: 0x00000000, Size: 0x00000978, Max: 0xffffffff, ABSOLUTE)

    Execution Region ER_RO (Exec base: 0x00000000, Load base: 0x00000000, Size: 0x00000798, Max: 0xffffffff, ABSOLUTE)

    Exec Addr    Load Addr    Size         Type   Attr      Idx    E Section Name        Object

    0x00000000   0x00000000   0x000000c0   Data   RO            2    RESET               exercise12.o
    0x000000c0   0x000000c0   0x00000040   Data   RO           11    .ARM.__at_0xC0      start.o
    0x00000100   0x00000100   0x000000fc   Code   RO           10    Start               start.o
    0x000001fc   0x000001fc   0x000000b4   Data   RO            3    MyConst             exercise12.o
    0x000002b0   0x000002b0   0x00000150   PAD
    0x00000400   0x00000400   0x00000010   Code   RO           12    .ARM.__at_0x400     start.o
    0x00000410   0x00000410   0x00000388   Code   RO            1  * MyCode              exercise12.o


    Execution Region ER_RW (Exec base: 0x1fffe000, Load base: 0x00000798, Size: 0x000001e0, Max: 0xffffffff, ABSOLUTE)

    Exec Addr    Load Addr    Size         Type   Attr      Idx    E Section Name        Object

    0x1fffe000   0x00000798   0x00000100   Data   RW           13    .ARM.__at_0x1FFFE000  start.o
    0x1fffe100   0x00000898   0x000000e0   Data   RW            4    MyData              exercise12.o


    Execution Region ER_ZI (Exec base: 0x1fffe1e0, Load base: 0x00000978, Size: 0x00000000, Max: 0xffffffff, ABSOLUTE)

    **** No section assigned to this execution region ****


==============================================================================

Image component sizes


      Code (inc. data)   RO Data    RW Data    ZI Data      Debug   Object Name

       904        170        372        224          0       1432   exercise12.o
       268         58         64        256          0        752   start.o

    ----------------------------------------------------------------------
      1172        228        772        480          0       2184   Object Totals
         0          0          0          0          0          0   (incl. Generated)
         0          0        336          0          0          0   (incl. Padding)

    ----------------------------------------------------------------------
         0          0          0          0          0          0   Library Totals
         0          0          0          0          0          0   (incl. Padding)

    ----------------------------------------------------------------------

==============================================================================


      Code (inc. data)   RO Data    RW Data    ZI Data      Debug   

      1172        228        772        480          0       2080   Grand Totals
      1172        228        772        480          0       2080   ELF Image Totals
      1172        228        772        480          0          0   ROM Totals

==============================================================================

    Total RO  Size (Code + RO Data)                 1944 (   1.90kB)
    Total RW  Size (RW Data + ZI Data)               480 (   0.47kB)
    Total ROM Size (Code + RO Data + RW Data)       2424 (   2.37kB)

==============================================================================

